exports[`test PaginationButtons renders 1`] = `
<div
  className="pagination-buttons">
  <button
    className="pagination-btn btn btn-sm btn-info"
    disabled={false}
    type="button">
    -
  </button>
  <button
    className="pagination-btn btn btn-sm btn-info"
    disabled={false}
    type="button">
    -
  </button>
  <span
    className="current-page" />
  <button
    className="pagination-btn btn btn-sm btn-info"
    disabled={false}
    type="button">
    -
  </button>
  <button
    className="pagination-btn btn btn-sm btn-info"
    disabled={false}
    type="button">
    -
  </button>
</div>
`;
